============================= test session starts =============================
platform win32 -- Python 3.11.9, pytest-9.0.2, pluggy-1.6.0
rootdir: D:\Game Projects\Repositories\llm-hub\backend
plugins: anyio-4.12.1
collected 1 item

tests\test_auth.py F                                                     [100%]

================================== FAILURES ===================================
__________________________________ test_auth __________________________________
async def functions are not natively supported.
You need to install a suitable plugin for your async framework, for example:
  - anyio
  - pytest-asyncio
  - pytest-tornasync
  - pytest-trio
  - pytest-twisted
=========================== short test summary info ===========================
FAILED tests/test_auth.py::test_auth - Failed: async def functions are not na...
============================== 1 failed in 0.04s ==============================
